// Jest Snapshot v1, https://goo.gl/fbAQLP

exports[`<Main /> should render heading 1`] = `
.c0 {
  width: 100%;
  height: 100%;
  background-color: #06092b;
  color: #fff;
  text-align: center;
  padding: 3rem;
  display: -webkit-box;
  display: -webkit-flex;
  display: -ms-flexbox;
  display: flex;
  -webkit-flex-direction: column;
  -ms-flex-direction: column;
  flex-direction: column;
  -webkit-align-items: center;
  -webkit-box-align: center;
  -ms-flex-align: center;
  align-items: center;
  -webkit-box-pack: center;
  -webkit-justify-content: center;
  -ms-flex-pack: center;
  justify-content: center;
  gap: 3rem;
}

.c1 {
  width: 25rem;
}

.c2 {
  font-size: 2.5rem;
}

.c3 {
  font-size: 2rem;
  font-weight: 400;
  width: min(80rem,100%);
}

.c4 {
  width: min(40rem,100%);
}

<main
  class="c0"
>
  <img
    alt="Imagem de um Ã¡tomo e React AvanÃ§ado escrito ao lado."
    class="c1"
    src="/img/logo.svg"
  />
  <h1
    class="c2"
  >
    Carlos Casara
  </h1>
  <h2
    class="c3"
  >
    Welcome to my portfolio! Here you can find some projects that developed, you can learn a little more about my career and follow my studies as a developer ðŸ˜„.
  </h2>
  <img
    alt="Desenvolvedor de frente para uma tela de computador com algum cÃ³digo."
    class="c4"
    src="/img/illustration.svg"
  />
</main>
`;
